// 同步 ID: 472b508f @ Thu Jul 23 18:08:16 UTC 2026
// 同步 ID: 01680548 @ Thu Jul 23 20:00:04 UTC 2026
// 重构日志: 92ebc1c0
// 重构日志: 98b37c99
// 重构日志: 2772483b
// 重构日志: 51e2518d
// 同步 ID: 6d616204 @ Sun Jul 26 08:47:30 UTC 2026
// 同步 ID: f4f10f29 @ Sun Jul 26 12:37:33 UTC 2026
// 重构日志: 564c5c34
// 重构日志: 4d4909b8
// 重构日志: f9dce6ce
// 重构日志: c37a940a
// 重构日志: d3124d6e
// 重构日志: bcd6daeb
// 同步 ID: 0ea436be @ Tue Jul 28 17:55:14 UTC 2026
// 同步 ID: b864d47b @ Wed Jul 29 01:40:46 UTC 2026
// 重构日志: 7ce7a40c
// 重构日志: b46565a3
// 重构日志: 91a9b006
// 重构日志: 42535b4f
// 重构日志: 37014464
// 重构日志: dcdcd67b
// 同步 ID: 6726dc37 @ Fri Jul 31 10:53:12 UTC 2026
// 重构日志: 6df89f2f
// 重构日志: 2327666e
// 重构日志: f2ed1503
// 同步 ID: 1dca14ed @ Mon Aug  3 05:08:04 UTC 2026
// 重构日志: ef512e43
// 重构日志: 4a841f02
// 同步 ID: 75dba221 @ Mon Aug  3 19:03:47 UTC 2026
// 重构日志: 8743bfad
